amrio@DESKTOP-LK4O4IR MINGW64 ~ (master)
$ cd /c/Users/amrio/OneDrive/Bureau/htmlcheckp

amrio@DESKTOP-LK4O4IR MINGW64 ~/OneDrive/Bureau/htmlcheckp (master)
$ git init
Reinitialized existing Git repository in C:/Users/amrio/OneDrive/Bureau/htmlcheckp/.git/

amrio@DESKTOP-LK4O4IR MINGW64 ~/OneDrive/Bureau/htmlcheckp (master)
$ git add .

amrio@DESKTOP-LK4O4IR MINGW64 ~/OneDrive/Bureau/htmlcheckp (master)
$ git commit m-"commit 01"
error: pathspec 'm-commit 01' did not match any file(s) known to git

amrio@DESKTOP-LK4O4IR MINGW64 ~/OneDrive/Bureau/htmlcheckp (master)
$ git commit -m "Premier commit"
On branch master
Your branch is up to date with 'origin/master'.

nothing to commit, working tree clean

amrio@DESKTOP-LK4O4IR MINGW64 ~/OneDrive/Bureau/htmlcheckp (master)
$ git remote add origin https://github.com/NoursaidAmri/htmlcheckp.git
error: remote origin already exists.

amrio@DESKTOP-LK4O4IR MINGW64 ~/OneDrive/Bureau/htmlcheckp (master)
$ git push -u origin master
Enumerating objects: 3, done.
Counting objects: 100% (3/3), done.
Delta compression using up to 4 threads
Compressing objects: 100% (2/2), done.
Writing objects: 100% (3/3), 358 bytes | 358.00 KiB/s, done.
Total 3 (delta 0), reused 0 (delta 0), pack-reused 0 (from 0)
To https://github.com/NoursaidAmri/htmlcheckp.git
 * [new branch]      master -> master
branch 'master' set up to track 'origin/master'.

amrio@DESKTOP-LK4O4IR MINGW64 ~/OneDrive/Bureau/htmlcheckp (master)
$ git init
Reinitialized existing Git repository in C:/Users/amrio/OneDrive/Bureau/htmlcheckp/.git/

amrio@DESKTOP-LK4O4IR MINGW64 ~/OneDrive/Bureau/htmlcheckp (master)
$ git add .

amrio@DESKTOP-LK4O4IR MINGW64 ~/OneDrive/Bureau/htmlcheckp (master)
$ git commit -m "deuxieme commit"
[master 5a6c515] deuxieme commit
 2 files changed, 29 insertions(+), 9 deletions(-)
 create mode 100644 Images/logoamike.PNG

amrio@DESKTOP-LK4O4IR MINGW64 ~/OneDrive/Bureau/htmlcheckp (master)
$ git push origin master
Enumerating objects: 7, done.
Counting objects: 100% (7/7), done.
Delta compression using up to 4 threads
Compressing objects: 100% (4/4), done.
Writing objects: 100% (5/5), 5.47 KiB | 2.74 MiB/s, done.
Total 5 (delta 0), reused 0 (delta 0), pack-reused 0 (from 0)
To https://github.com/NoursaidAmri/htmlcheckp.git
   32b0786..5a6c515  master -> master

amrio@DESKTOP-LK4O4IR MINGW64 ~/OneDrive/Bureau/htmlcheckp (master)
$ git add
Nothing specified, nothing added.
hint: Maybe you wanted to say 'git add .'?
hint: Turn this message off by running
hint: "git config advice.addEmptyPathspec false"

amrio@DESKTOP-LK4O4IR MINGW64 ~/OneDrive/Bureau/htmlcheckp (master)
$ git commit -m "toisiemme comit"
On branch master
Your branch is up to date with 'origin/master'.

Changes not staged for commit:
  (use "git add <file>..." to update what will be committed)
  (use "git restore <file>..." to discard changes in working directory)
        modified:   index.html

Untracked files:
  (use "git add <file>..." to include in what will be committed)
        Images/facebook.gif
        Images/instagram.gif
        Images/logo-behance.gif
        Images/pintrest.gif
        Images/twitter.gif

no changes added to commit (use "git add" and/or "git commit -a")

amrio@DESKTOP-LK4O4IR MINGW64 ~/OneDrive/Bureau/htmlcheckp (master)
$ git init
Reinitialized existing Git repository in C:/Users/amrio/OneDrive/Bureau/htmlcheckp/.git/

amrio@DESKTOP-LK4O4IR MINGW64 ~/OneDrive/Bureau/htmlcheckp (master)
$ git add .

amrio@DESKTOP-LK4O4IR MINGW64 ~/OneDrive/Bureau/htmlcheckp (master)
$ git commit -m "troisemme commit"
[master e5264cd] troisemme commit
 6 files changed, 33 insertions(+)
 create mode 100644 Images/facebook.gif
 create mode 100644 Images/instagram.gif
 create mode 100644 Images/logo-behance.gif
 create mode 100644 Images/pintrest.gif
 create mode 100644 Images/twitter.gif

amrio@DESKTOP-LK4O4IR MINGW64 ~/OneDrive/Bureau/htmlcheckp (master)
$ git push origin master
Enumerating objects: 12, done.
Counting objects: 100% (12/12), done.
Delta compression using up to 4 threads
Compressing objects: 100% (9/9), done.
Writing objects: 100% (9/9), 5.39 KiB | 2.70 MiB/s, done.
Total 9 (delta 0), reused 0 (delta 0), pack-reused 0 (from 0)
To https://github.com/NoursaidAmri/htmlcheckp.git
   5a6c515..e5264cd  master -> master

amrio@DESKTOP-LK4O4IR MINGW64 ~/OneDrive/Bureau/htmlcheckp (master)
$ git intit
git: 'intit' is not a git command. See 'git --help'.

The most similar command is
        init

amrio@DESKTOP-LK4O4IR MINGW64 ~/OneDrive/Bureau/htmlcheckp (master)
$ git add .

amrio@DESKTOP-LK4O4IR MINGW64 ~/OneDrive/Bureau/htmlcheckp (master)
$ git commit -m "quatrieme commit"
[master 8df754e] quatrieme commit
 1 file changed, 30 insertions(+), 1 deletion(-)

amrio@DESKTOP-LK4O4IR MINGW64 ~/OneDrive/Bureau/htmlcheckp (master)
$ git push origin master
Enumerating objects: 5, done.
Counting objects: 100% (5/5), done.
Delta compression using up to 4 threads
Compressing objects: 100% (3/3), done.
Writing objects: 100% (3/3), 768 bytes | 768.00 KiB/s, done.
Total 3 (delta 1), reused 0 (delta 0), pack-reused 0 (from 0)
remote: Resolving deltas: 100% (1/1), completed with 1 local object.
To https://github.com/NoursaidAmri/htmlcheckp.git
   e5264cd..8df754e  master -> master

amrio@DESKTOP-LK4O4IR MINGW64 ~/OneDrive/Bureau/htmlcheckp (master)
$ git init
Reinitialized existing Git repository in C:/Users/amrio/OneDrive/Bureau/htmlcheckp/.git/

amrio@DESKTOP-LK4O4IR MINGW64 ~/OneDrive/Bureau/htmlcheckp (master)
$ git add .

amrio@DESKTOP-LK4O4IR MINGW64 ~/OneDrive/Bureau/htmlcheckp (master)
$ git commit m-"cinqueme commit"
error: pathspec 'm-cinqueme commit' did not match any file(s) known to git

amrio@DESKTOP-LK4O4IR MINGW64 ~/OneDrive/Bureau/htmlcheckp (master)
$ git push origin mqster
error: src refspec mqster does not match any
error: failed to push some refs to 'https://github.com/NoursaidAmri/htmlcheckp.git'

amrio@DESKTOP-LK4O4IR MINGW64 ~/OneDrive/Bureau/htmlcheckp (master)
$ git commit m- "cinquemme commit"
error: pathspec 'm-' did not match any file(s) known to git
error: pathspec 'cinquemme commit' did not match any file(s) known to git

amrio@DESKTOP-LK4O4IR MINGW64 ~/OneDrive/Bureau/htmlcheckp (master)
$ git push origin master
Everything up-to-date

amrio@DESKTOP-LK4O4IR MINGW64 ~/OneDrive/Bureau/htmlcheckp (master)
$ git init
Reinitialized existing Git repository in C:/Users/amrio/OneDrive/Bureau/htmlcheckp/.git/

amrio@DESKTOP-LK4O4IR MINGW64 ~/OneDrive/Bureau/htmlcheckp (master)
$ fit add .
bash: fit: command not found

amrio@DESKTOP-LK4O4IR MINGW64 ~/OneDrive/Bureau/htmlcheckp (master)
$ git init
Reinitialized existing Git repository in C:/Users/amrio/OneDrive/Bureau/htmlcheckp/.git/

amrio@DESKTOP-LK4O4IR MINGW64 ~/OneDrive/Bureau/htmlcheckp (master)
$ git add .

amrio@DESKTOP-LK4O4IR MINGW64 ~/OneDrive/Bureau/htmlcheckp (master)
$ git commit m- "cinquemme commit"
error: pathspec 'm-' did not match any file(s) known to git
error: pathspec 'cinquemme commit' did not match any file(s) known to git

amrio@DESKTOP-LK4O4IR MINGW64 ~/OneDrive/Bureau/htmlcheckp (master)
$ cd

amrio@DESKTOP-LK4O4IR MINGW64 ~ (master)
$ cd /c/Users/amrio/OneDrive/Bureau/htmlcheckp

amrio@DESKTOP-LK4O4IR MINGW64 ~/OneDrive/Bureau/htmlcheckp (master)
$ git init
Reinitialized existing Git repository in C:/Users/amrio/OneDrive/Bureau/htmlcheckp/.git/

amrio@DESKTOP-LK4O4IR MINGW64 ~/OneDrive/Bureau/htmlcheckp (master)
$ git add ,
fatal: pathspec ',' did not match any files

amrio@DESKTOP-LK4O4IR MINGW64 ~/OneDrive/Bureau/htmlcheckp (master)
$ git add .

amrio@DESKTOP-LK4O4IR MINGW64 ~/OneDrive/Bureau/htmlcheckp (master)
$ git commit -m "cinquemme commit"
[master fb34b2d] cinquemme commit
 7 files changed, 137 insertions(+), 89 deletions(-)
 create mode 100644 Images/conception-graphique.png
 create mode 100644 Images/github-mark.png
 create mode 100644 Images/la-photographie.png
 create mode 100644 Images/lecteur-video.png
 create mode 100644 Images/logo-apple.png
 create mode 100644 Images/seo.png

amrio@DESKTOP-LK4O4IR MINGW64 ~/OneDrive/Bureau/htmlcheckp (master)
$ git push origin master
Enumerating objects: 13, done.
Counting objects: 100% (13/13), done.
Delta compression using up to 4 threads
Compressing objects: 100% (10/10), done.
Writing objects: 100% (10/10), 67.48 KiB | 11.25 MiB/s, done.
Total 10 (delta 0), reused 0 (delta 0), pack-reused 0 (from 0)
To https://github.com/NoursaidAmri/htmlcheckp.git
   8df754e..fb34b2d  master -> master

amrio@DESKTOP-LK4O4IR MINGW64 ~/OneDrive/Bureau/htmlcheckp (master)
$ git init
Reinitialized existing Git repository in C:/Users/amrio/OneDrive/Bureau/htmlcheckp/.git/

amrio@DESKTOP-LK4O4IR MINGW64 ~/OneDrive/Bureau/htmlcheckp (master)
$ git add .

amrio@DESKTOP-LK4O4IR MINGW64 ~/OneDrive/Bureau/htmlcheckp (master)
$ git commit -m "sixieme commit"
[master a5acb32] sixieme commit
 2 files changed, 38 insertions(+), 26 deletions(-)
 create mode 100644 Images/logoipsum-214.svg

amrio@DESKTOP-LK4O4IR MINGW64 ~/OneDrive/Bureau/htmlcheckp (master)
$ git push origin master
Enumerating objects: 8, done.
Counting objects: 100% (8/8), done.
Delta compression using up to 4 threads
Compressing objects: 100% (5/5), done.
Writing objects: 100% (5/5), 4.70 KiB | 2.35 MiB/s, done.
Total 5 (delta 2), reused 0 (delta 0), pack-reused 0 (from 0)
remote: Resolving deltas: 100% (2/2), completed with 2 local objects.
To https://github.com/NoursaidAmri/htmlcheckp.git
   fb34b2d..a5acb32  master -> master

amrio@DESKTOP-LK4O4IR MINGW64 ~/OneDrive/Bureau/htmlcheckp (master)
$ git init
Reinitialized existing Git repository in C:/Users/amrio/OneDrive/Bureau/htmlcheckp/.git/

amrio@DESKTOP-LK4O4IR MINGW64 ~/OneDrive/Bureau/htmlcheckp (master)
$ git add .

amrio@DESKTOP-LK4O4IR MINGW64 ~/OneDrive/Bureau/htmlcheckp (master)
$ git commit m- "sixiemme commit"
error: pathspec 'm-' did not match any file(s) known to git
error: pathspec 'sixiemme commit' did not match any file(s) known to git

amrio@DESKTOP-LK4O4IR MINGW64 ~/OneDrive/Bureau/htmlcheckp (master)
$ git commit -m "sixiemme commit"
[master 2acc518] sixiemme commit
 12 files changed, 71 insertions(+), 62 deletions(-)
 create mode 100644 Images/behance (1).png
 create mode 100644 Images/facebook (1).png
 delete mode 100644 Images/facebook.gif
 create mode 100644 Images/instagram (1).png
 delete mode 100644 Images/instagram.gif
 delete mode 100644 Images/logo-behance.gif
 create mode 100644 Images/logo-pinterest (1).png
 delete mode 100644 Images/logoamike.PNG
 delete mode 100644 Images/pintrest.gif
 create mode 100644 Images/twitter (1).png
 delete mode 100644 Images/twitter.gif

amrio@DESKTOP-LK4O4IR MINGW64 ~/OneDrive/Bureau/htmlcheckp (master)
$ git push origin master
Enumerating objects: 12, done.
Counting objects: 100% (12/12), done.
Delta compression using up to 4 threads
Compressing objects: 100% (9/9), done.
Writing objects: 100% (9/9), 85.33 KiB | 14.22 MiB/s, done.
Total 9 (delta 1), reused 0 (delta 0), pack-reused 0 (from 0)
remote: Resolving deltas: 100% (1/1), completed with 1 local object.
To https://github.com/NoursaidAmri/htmlcheckp.git
   a5acb32..2acc518  master -> master

amrio@DESKTOP-LK4O4IR MINGW64 ~/OneDrive/Bureau/htmlcheckp (master)
$ git init
Reinitialized existing Git repository in C:/Users/amrio/OneDrive/Bureau/htmlcheckp/.git/

amrio@DESKTOP-LK4O4IR MINGW64 ~/OneDrive/Bureau/htmlcheckp (master)
$ git add .

amrio@DESKTOP-LK4O4IR MINGW64 ~/OneDrive/Bureau/htmlcheckp (master)
$ git commit -m "spetiemme commit"
[master 4359639] spetiemme commit
 1 file changed, 20 insertions(+), 13 deletions(-)

amrio@DESKTOP-LK4O4IR MINGW64 ~/OneDrive/Bureau/htmlcheckp (master)
$ git push origin master
Enumerating objects: 5, done.
Counting objects: 100% (5/5), done.
Delta compression using up to 4 threads
Compressing objects: 100% (3/3), done.
Writing objects: 100% (3/3), 678 bytes | 678.00 KiB/s, done.
Total 3 (delta 1), reused 0 (delta 0), pack-reused 0 (from 0)
remote: Resolving deltas: 100% (1/1), completed with 1 local object.
To https://github.com/NoursaidAmri/htmlcheckp.git
   2acc518..4359639  master -> master

amrio@DESKTOP-LK4O4IR MINGW64 ~/OneDrive/Bureau/htmlcheckp (master)
$ git init
Reinitialized existing Git repository in C:/Users/amrio/OneDrive/Bureau/htmlcheckp/.git/

amrio@DESKTOP-LK4O4IR MINGW64 ~/OneDrive/Bureau/htmlcheckp (master)
$ git add .

amrio@DESKTOP-LK4O4IR MINGW64 ~/OneDrive/Bureau/htmlcheckp (master)
$ git commit -m "huitième commit"
[master 2f01696] huitième commit
 1 file changed, 15 insertions(+), 1 deletion(-)

amrio@DESKTOP-LK4O4IR MINGW64 ~/OneDrive/Bureau/htmlcheckp (master)
$ git push origin master
Enumerating objects: 5, done.
Counting objects: 100% (5/5), done.
Delta compression using up to 4 threads
Compressing objects: 100% (3/3), done.
Writing objects: 100% (3/3), 614 bytes | 614.00 KiB/s, done.
Total 3 (delta 1), reused 0 (delta 0), pack-reused 0 (from 0)
remote: Resolving deltas: 100% (1/1), completed with 1 local object.
To https://github.com/NoursaidAmri/htmlcheckp.git
   4359639..2f01696  master -> master

amrio@DESKTOP-LK4O4IR MINGW64 ~/OneDrive/Bureau/htmlcheckp (master)
$ git init
Reinitialized existing Git repository in C:/Users/amrio/OneDrive/Bureau/htmlcheckp/.git/

amrio@DESKTOP-LK4O4IR MINGW64 ~/OneDrive/Bureau/htmlcheckp (master)
$ git add .

amrio@DESKTOP-LK4O4IR MINGW64 ~/OneDrive/Bureau/htmlcheckp (master)
$ git commit -m "neuvième coomit"
[master 669e0d9] neuvième coomit
 1 file changed, 61 insertions(+), 7 deletions(-)

amrio@DESKTOP-LK4O4IR MINGW64 ~/OneDrive/Bureau/htmlcheckp (master)
$ git push origin master
Enumerating objects: 5, done.
Counting objects: 100% (5/5), done.
Delta compression using up to 4 threads
Compressing objects: 100% (3/3), done.
Writing objects: 100% (3/3), 1.13 KiB | 1.13 MiB/s, done.
Total 3 (delta 1), reused 0 (delta 0), pack-reused 0 (from 0)
remote: Resolving deltas: 100% (1/1), completed with 1 local object.
To https://github.com/NoursaidAmri/htmlcheckp.git
   2f01696..669e0d9  master -> master

amrio@DESKTOP-LK4O4IR MINGW64 ~/OneDrive/Bureau/htmlcheckp (master)
$
